Copyright 1986-2018 Xilinx, Inc. All Rights Reserved.
-------------------------------------------------------------------------------------
| Tool Version : Vivado v.2018.2 (lin64) Build 2258646 Thu Jun 14 20:02:38 MDT 2018
| Date         : Sat Feb 23 11:56:59 2019
| Host         : princeling-HP-Compaq-Pro-6380-MT running 64-bit Ubuntu 16.04.5 LTS
| Command      : report_control_sets -verbose -file vga_test_control_sets_placed.rpt
| Design       : vga_test
| Device       : xc7a35t
-------------------------------------------------------------------------------------

Control Set Information

Table of Contents
-----------------
1. Summary
2. Histogram
3. Flip-Flop Distribution
4. Detailed Control Set Information

1. Summary
----------

+----------------------------------------------------------+-------+
|                          Status                          | Count |
+----------------------------------------------------------+-------+
| Number of unique control sets                            |     4 |
| Unused register locations in slices containing registers |    18 |
+----------------------------------------------------------+-------+


2. Histogram
------------

+--------+--------------+
| Fanout | Control Sets |
+--------+--------------+
|      4 |            1 |
|     10 |            1 |
|    16+ |            2 |
+--------+--------------+


3. Flip-Flop Distribution
-------------------------

+--------------+-----------------------+------------------------+-----------------+--------------+
| Clock Enable | Synchronous Set/Reset | Asynchronous Set/Reset | Total Registers | Total Slices |
+--------------+-----------------------+------------------------+-----------------+--------------+
| No           | No                    | No                     |               4 |            1 |
| No           | No                    | Yes                    |              10 |            2 |
| No           | Yes                   | No                     |               0 |            0 |
| Yes          | No                    | No                     |               0 |            0 |
| Yes          | No                    | Yes                    |              40 |            6 |
| Yes          | Yes                   | No                     |               0 |            0 |
+--------------+-----------------------+------------------------+-----------------+--------------+


4. Detailed Control Set Information
-----------------------------------

+----------------+--------------------------------------------------------+---------------------------+------------------+----------------+
|  Clock Signal  |                      Enable Signal                     |      Set/Reset Signal     | Slice Load Count | Bel Load Count |
+----------------+--------------------------------------------------------+---------------------------+------------------+----------------+
|  clk_IBUF_BUFG |                                                        |                           |                1 |              4 |
|  clk_IBUF_BUFG |                                                        | vga_sync_u1/hsync_r_reg_0 |                2 |             10 |
|  clk_IBUF_BUFG | vga_sync_u1/counter_mod_p_tick/pixel_x_count_reg[9][0] | vga_sync_u1/hsync_r_reg_0 |                4 |             20 |
|  clk_IBUF_BUFG | vga_sync_u1/counter_mod_p_tick/E[0]                    | vga_sync_u1/hsync_r_reg_0 |                2 |             20 |
+----------------+--------------------------------------------------------+---------------------------+------------------+----------------+


