#-----------------------------------------------------------
# Vivado v2018.2 (64-bit)
# SW Build 2258646 on Thu Jun 14 20:02:38 MDT 2018
# IP Build 2256618 on Thu Jun 14 22:10:49 MDT 2018
# Start of session at: Tue Jan 22 12:17:30 2019
# Process ID: 22763
# Current directory: /home/princeling/Documents/ElectronicDesign/Fpga-verilog/LearnBasys3/LearnIP_Core/LearnIP_Core.runs/bin2grey_four_2_input_xor_gate_0_0_synth_1
# Command line: vivado -log bin2grey_four_2_input_xor_gate_0_0.vds -product Vivado -mode batch -messageDb vivado.pb -notrace -source bin2grey_four_2_input_xor_gate_0_0.tcl
# Log file: /home/princeling/Documents/ElectronicDesign/Fpga-verilog/LearnBasys3/LearnIP_Core/LearnIP_Core.runs/bin2grey_four_2_input_xor_gate_0_0_synth_1/bin2grey_four_2_input_xor_gate_0_0.vds
# Journal file: /home/princeling/Documents/ElectronicDesign/Fpga-verilog/LearnBasys3/LearnIP_Core/LearnIP_Core.runs/bin2grey_four_2_input_xor_gate_0_0_synth_1/vivado.jou
#-----------------------------------------------------------
source bin2grey_four_2_input_xor_gate_0_0.tcl -notrace
